data_int.txt
Line 1 average 11 standard deviation 9.16515
Line 2 average 9 standard deviation 2.16025
Line 3 average 6 standard deviation 2.23607